// Jest Snapshot v1, https://goo.gl/fbAQLP

exports[`TopAppBar snapshot 1`] = `
<header
  className="MuiPaper-root MuiPaper-elevation MuiPaper-elevation4 MuiAppBar-root MuiAppBar-colorPrimary MuiAppBar-positionFixed mui-fixed css-ivnu1y-MuiPaper-root-MuiAppBar-root"
>
  <div
    className="MuiToolbar-root MuiToolbar-gutters MuiToolbar-regular css-hyum1k-MuiToolbar-root"
  >
    <div
      className="MuiTypography-root MuiTypography-h5 MuiTypography-noWrap css-1961ak2-MuiTypography-root"
    >
      Meme-opolis
    </div>
    <label
      className="MuiButtonBase-root MuiButton-root MuiButton-contained MuiButton-containedPrimary MuiButton-sizeMedium MuiButton-containedSizeMedium MuiButton-root MuiButton-contained MuiButton-containedPrimary MuiButton-sizeMedium MuiButton-containedSizeMedium css-1y3seza-MuiButtonBase-root-MuiButton-root"
      onBlur={[Function]}
      onClick={[Function]}
      onContextMenu={[Function]}
      onDragLeave={[Function]}
      onFocus={[Function]}
      onKeyDown={[Function]}
      onKeyUp={[Function]}
      onMouseDown={[Function]}
      onMouseLeave={[Function]}
      onMouseUp={[Function]}
      onTouchEnd={[Function]}
      onTouchMove={[Function]}
      onTouchStart={[Function]}
      role="button"
      tabIndex={0}
    >
      <span
        className="MuiButton-startIcon MuiButton-iconSizeMedium css-1d6wzja-MuiButton-startIcon"
      >
        <svg
          aria-hidden={true}
          className="MuiSvgIcon-root MuiSvgIcon-fontSizeMedium css-i4bv87-MuiSvgIcon-root"
          data-testid="UploadIcon"
          focusable="false"
          viewBox="0 0 24 24"
        >
          <path
            d="M5 20h14v-2H5v2zm0-10h4v6h6v-6h4l-7-7-7 7z"
          />
        </svg>
      </span>
      Upload
    </label>
  </div>
</header>
`;
